Hello from integration test